// Jest Snapshot v1, https://goo.gl/fbAQLP

exports[`App matches the snapshot 1`] = `
<div
  className="app"
>
  <Switch>
    <Route
      component={[Function]}
      exact={true}
      path="/login"
    />
    <Route
      component={[Function]}
      path="/"
    />
  </Switch>
</div>
`;
